2025-02-04 08:51:40.688581 - Test Log: All systems operational.
